<html>
<body>
<pre>
<h1>�Vision Build Log</h1>
<h2>Tool Versions:</h2>
IDE-Version: ��Vision V5.41.0.0
Copyright (C) 2024 ARM Ltd and ARM Germany GmbH. All rights reserved.
License Information: hengkai liang, ShenZhen University, LIC=MPPLD-8HLJ7-PCPJ8-3IK9Q-DAAN7-89DRY
 
Tool Versions:
Toolchain:       MDK-ARM Plus  Version: 5.41.0.0
Toolchain Path:  D:\keil5\ARM\ARMCLANG\Bin
C Compiler:      ArmClang.exe V6.22
Assembler:       Armasm.exe V6.22
Linker/Locator:  ArmLink.exe V6.22
Library Manager: ArmAr.exe V6.22
Hex Converter:   FromElf.exe V6.22
CPU DLL:         SARMCM3.DLL V5.41.0.0
Dialog DLL:      DCM.DLL V1.17.5.0
Target DLL:      CMSIS_AGDI.dll V1.33.21.0
Dialog DLL:      TCM.DLL V1.56.4.0
 
<h2>Project:</h2>
E:\GitHub_Codehouse\RP_2025_ENGINEER\Custom_Controller\Targets\DM-MC02 - keil\MDK-ARM\DM-MC02.uvprojx
Project File Date:  07/22/2025

<h2>Output:</h2>
*** Using Compiler 'V6.22', folder: 'D:\keil5\ARM\ARMCLANG\Bin'
Build target 'DM-MC02'
../../../Applications/Module/Custom_Controller/com_buzzer.cpp(13): warning: In file included from...
../../../Applications/Module/Include\mod_controller.hpp(175): warning: implicit conversion from 'float' to 'int32_t' (aka 'int') changes value from 4437.3301 to 4437 [-Wliteral-conversion]
  175 |                 const int32_t rangeLimit = CONTROLLER_YAW_MOTOR_RANGE; ///< 电机位置范围限制
      |                                            ^~~~~~~~~~~~~~~~~~~~~~~~~~
../../../Applications/Module/Include\mod_controller.hpp(20): note: expanded from macro 'CONTROLLER_YAW_MOTOR_RANGE'
   20 | #define CONTROLLER_YAW_MOTOR_RANGE 4437.33f
      |                                    ^~~~~~~~
../../../Applications/Module/Include\mod_controller.hpp(175): warning: implicit conversion from 'float' to 'int32_t' (aka 'int') changes value from 4437.3301 to 4437 [-Wliteral-conversion]
  175 |                 const int32_t rangeLimit = CONTROLLER_YAW_MOTOR_RANGE; ///< 电机位置范围限制
      |                                            ^~~~~~~~~~~~~~~~~~~~~~~~~~
../../../Applications/Module/Include\mod_controller.hpp(20): note: expanded from macro 'CONTROLLER_YAW_MOTOR_RANGE'
   20 | #define CONTROLLER_YAW_MOTOR_RANGE 4437.33f
      |                                    ^~~~~~~~
../../../Applications/Module/Include\mod_controller.hpp(158): note: in implicit default constructor for 'my_engineer::CModController::CComYaw' first required here
  158 |         explicit CModController(SModInitParam_Controller &param) { InitModule(param); }
      |                  ^
2 warnings generated.
compiling com_buzzer.cpp...
../../../Applications/System/Core/Core.cpp(10): warning: In file included from...
../../../Applications/System/Include\Core.hpp(17): warning: In file included from...
../../../Applications/Module/Include\Module.hpp(16): warning: In file included from...
../../../Applications/Module/Include\mod_controller.hpp(175): warning: implicit conversion from 'float' to 'int32_t' (aka 'int') changes value from 4437.3301 to 4437 [-Wliteral-conversion]
  175 |                 const int32_t rangeLimit = CONTROLLER_YAW_MOTOR_RANGE; ///< 电机位置范围限制
      |                                            ^~~~~~~~~~~~~~~~~~~~~~~~~~
../../../Applications/Module/Include\mod_controller.hpp(20): note: expanded from macro 'CONTROLLER_YAW_MOTOR_RANGE'
   20 | #define CONTROLLER_YAW_MOTOR_RANGE 4437.33f
      |                                    ^~~~~~~~
../../../Applications/Module/Include\mod_controller.hpp(175): warning: implicit conversion from 'float' to 'int32_t' (aka 'int') changes value from 4437.3301 to 4437 [-Wliteral-conversion]
  175 |                 const int32_t rangeLimit = CONTROLLER_YAW_MOTOR_RANGE; ///< 电机位置范围限制
      |                                            ^~~~~~~~~~~~~~~~~~~~~~~~~~
../../../Applications/Module/Include\mod_controller.hpp(20): note: expanded from macro 'CONTROLLER_YAW_MOTOR_RANGE'
   20 | #define CONTROLLER_YAW_MOTOR_RANGE 4437.33f
      |                                    ^~~~~~~~
../../../Applications/Module/Include\mod_controller.hpp(158): note: in implicit default constructor for 'my_engineer::CModController::CComYaw' first required here
  158 |         explicit CModController(SModInitParam_Controller &param) { InitModule(param); }
      |                  ^
2 warnings generated.
compiling Core.cpp...
../../../Applications/Module/Custom_Controller/com_rocker.cpp(13): warning: In file included from...
../../../Applications/Module/Include\mod_controller.hpp(175): warning: implicit conversion from 'float' to 'int32_t' (aka 'int') changes value from 4437.3301 to 4437 [-Wliteral-conversion]
  175 |                 const int32_t rangeLimit = CONTROLLER_YAW_MOTOR_RANGE; ///< 电机位置范围限制
      |                                            ^~~~~~~~~~~~~~~~~~~~~~~~~~
../../../Applications/Module/Include\mod_controller.hpp(20): note: expanded from macro 'CONTROLLER_YAW_MOTOR_RANGE'
   20 | #define CONTROLLER_YAW_MOTOR_RANGE 4437.33f
      |                                    ^~~~~~~~
../../../Applications/Module/Include\mod_controller.hpp(175): warning: implicit conversion from 'float' to 'int32_t' (aka 'int') changes value from 4437.3301 to 4437 [-Wliteral-conversion]
  175 |                 const int32_t rangeLimit = CONTROLLER_YAW_MOTOR_RANGE; ///< 电机位置范围限制
      |                                            ^~~~~~~~~~~~~~~~~~~~~~~~~~
../../../Applications/Module/Include\mod_controller.hpp(20): note: expanded from macro 'CONTROLLER_YAW_MOTOR_RANGE'
   20 | #define CONTROLLER_YAW_MOTOR_RANGE 4437.33f
      |                                    ^~~~~~~~
../../../Applications/Module/Include\mod_controller.hpp(158): note: in implicit default constructor for 'my_engineer::CModController::CComYaw' first required here
  158 |         explicit CModController(SModInitParam_Controller &param) { InitModule(param); }
      |                  ^
2 warnings generated.
compiling com_rocker.cpp...
../../../Applications/Configuration/conf_module.cpp(11): warning: In file included from...
../../../Applications/Module/Include\Module.hpp(16): warning: In file included from...
../../../Applications/Module/Include\mod_controller.hpp(175): warning: implicit conversion from 'float' to 'int32_t' (aka 'int') changes value from 4437.3301 to 4437 [-Wliteral-conversion]
  175 |                 const int32_t rangeLimit = CONTROLLER_YAW_MOTOR_RANGE; ///< 电机位置范围限制
      |                                            ^~~~~~~~~~~~~~~~~~~~~~~~~~
../../../Applications/Module/Include\mod_controller.hpp(20): note: expanded from macro 'CONTROLLER_YAW_MOTOR_RANGE'
   20 | #define CONTROLLER_YAW_MOTOR_RANGE 4437.33f
      |                                    ^~~~~~~~
../../../Applications/Module/Include\mod_controller.hpp(175): warning: implicit conversion from 'float' to 'int32_t' (aka 'int') changes value from 4437.3301 to 4437 [-Wliteral-conversion]
  175 |                 const int32_t rangeLimit = CONTROLLER_YAW_MOTOR_RANGE; ///< 电机位置范围限制
      |                                            ^~~~~~~~~~~~~~~~~~~~~~~~~~
../../../Applications/Module/Include\mod_controller.hpp(20): note: expanded from macro 'CONTROLLER_YAW_MOTOR_RANGE'
   20 | #define CONTROLLER_YAW_MOTOR_RANGE 4437.33f
      |                                    ^~~~~~~~
../../../Applications/Module/Include\mod_controller.hpp(158): note: in implicit default constructor for 'my_engineer::CModController::CComYaw' first required here
  158 |         explicit CModController(SModInitParam_Controller &param) { InitModule(param); }
      |                  ^
2 warnings generated.
compiling conf_module.cpp...
../../../Applications/Module/Module.cpp(17): warning: In file included from...
../../../Applications/Module/Include\Module.hpp(16): warning: In file included from...
../../../Applications/Module/Include\mod_controller.hpp(175): warning: implicit conversion from 'float' to 'int32_t' (aka 'int') changes value from 4437.3301 to 4437 [-Wliteral-conversion]
  175 |                 const int32_t rangeLimit = CONTROLLER_YAW_MOTOR_RANGE; ///< 电机位置范围限制
      |                                            ^~~~~~~~~~~~~~~~~~~~~~~~~~
../../../Applications/Module/Include\mod_controller.hpp(20): note: expanded from macro 'CONTROLLER_YAW_MOTOR_RANGE'
   20 | #define CONTROLLER_YAW_MOTOR_RANGE 4437.33f
      |                                    ^~~~~~~~
../../../Applications/Module/Include\mod_controller.hpp(175): warning: implicit conversion from 'float' to 'int32_t' (aka 'int') changes value from 4437.3301 to 4437 [-Wliteral-conversion]
  175 |                 const int32_t rangeLimit = CONTROLLER_YAW_MOTOR_RANGE; ///< 电机位置范围限制
      |                                            ^~~~~~~~~~~~~~~~~~~~~~~~~~
../../../Applications/Module/Include\mod_controller.hpp(20): note: expanded from macro 'CONTROLLER_YAW_MOTOR_RANGE'
   20 | #define CONTROLLER_YAW_MOTOR_RANGE 4437.33f
      |                                    ^~~~~~~~
../../../Applications/Module/Include\mod_controller.hpp(158): note: in implicit default constructor for 'my_engineer::CModController::CComYaw' first required here
  158 |         explicit CModController(SModInitParam_Controller &param) { InitModule(param); }
      |                  ^
2 warnings generated.
compiling Module.cpp...
../../../Applications/System/System.cpp(13): warning: In file included from...
../../../Applications/Module/Include\Module.hpp(16): warning: In file included from...
../../../Applications/Module/Include\mod_controller.hpp(175): warning: implicit conversion from 'float' to 'int32_t' (aka 'int') changes value from 4437.3301 to 4437 [-Wliteral-conversion]
  175 |                 const int32_t rangeLimit = CONTROLLER_YAW_MOTOR_RANGE; ///< 电机位置范围限制
      |                                            ^~~~~~~~~~~~~~~~~~~~~~~~~~
../../../Applications/Module/Include\mod_controller.hpp(20): note: expanded from macro 'CONTROLLER_YAW_MOTOR_RANGE'
   20 | #define CONTROLLER_YAW_MOTOR_RANGE 4437.33f
      |                                    ^~~~~~~~
../../../Applications/Module/Include\mod_controller.hpp(175): warning: implicit conversion from 'float' to 'int32_t' (aka 'int') changes value from 4437.3301 to 4437 [-Wliteral-conversion]
  175 |                 const int32_t rangeLimit = CONTROLLER_YAW_MOTOR_RANGE; ///< 电机位置范围限制
      |                                            ^~~~~~~~~~~~~~~~~~~~~~~~~~
../../../Applications/Module/Include\mod_controller.hpp(20): note: expanded from macro 'CONTROLLER_YAW_MOTOR_RANGE'
   20 | #define CONTROLLER_YAW_MOTOR_RANGE 4437.33f
      |                                    ^~~~~~~~
../../../Applications/Module/Include\mod_controller.hpp(158): note: in implicit default constructor for 'my_engineer::CModController::CComYaw' first required here
  158 |         explicit CModController(SModInitParam_Controller &param) { InitModule(param); }
      |                  ^
2 warnings generated.
compiling System.cpp...
../../../Applications/System/Tasks/sys_task.cpp(13): warning: In file included from...
../../../Applications/System/Include\Core.hpp(17): warning: In file included from...
../../../Applications/Module/Include\Module.hpp(16): warning: In file included from...
../../../Applications/Module/Include\mod_controller.hpp(175): warning: implicit conversion from 'float' to 'int32_t' (aka 'int') changes value from 4437.3301 to 4437 [-Wliteral-conversion]
  175 |                 const int32_t rangeLimit = CONTROLLER_YAW_MOTOR_RANGE; ///< 电机位置范围限制
      |                                            ^~~~~~~~~~~~~~~~~~~~~~~~~~
../../../Applications/Module/Include\mod_controller.hpp(20): note: expanded from macro 'CONTROLLER_YAW_MOTOR_RANGE'
   20 | #define CONTROLLER_YAW_MOTOR_RANGE 4437.33f
      |                                    ^~~~~~~~
../../../Applications/Module/Include\mod_controller.hpp(175): warning: implicit conversion from 'float' to 'int32_t' (aka 'int') changes value from 4437.3301 to 4437 [-Wliteral-conversion]
  175 |                 const int32_t rangeLimit = CONTROLLER_YAW_MOTOR_RANGE; ///< 电机位置范围限制
      |                                            ^~~~~~~~~~~~~~~~~~~~~~~~~~
../../../Applications/Module/Include\mod_controller.hpp(20): note: expanded from macro 'CONTROLLER_YAW_MOTOR_RANGE'
   20 | #define CONTROLLER_YAW_MOTOR_RANGE 4437.33f
      |                                    ^~~~~~~~
../../../Applications/Module/Include\mod_controller.hpp(158): note: in implicit default constructor for 'my_engineer::CModController::CComYaw' first required here
  158 |         explicit CModController(SModInitParam_Controller &param) { InitModule(param); }
      |                  ^
2 warnings generated.
compiling sys_task.cpp...
../../../Applications/Module/Custom_Controller/com_roll.cpp(13): warning: In file included from...
../../../Applications/Module/Include\mod_controller.hpp(175): warning: implicit conversion from 'float' to 'int32_t' (aka 'int') changes value from 4437.3301 to 4437 [-Wliteral-conversion]
  175 |                 const int32_t rangeLimit = CONTROLLER_YAW_MOTOR_RANGE; ///< 电机位置范围限制
      |                                            ^~~~~~~~~~~~~~~~~~~~~~~~~~
../../../Applications/Module/Include\mod_controller.hpp(20): note: expanded from macro 'CONTROLLER_YAW_MOTOR_RANGE'
   20 | #define CONTROLLER_YAW_MOTOR_RANGE 4437.33f
      |                                    ^~~~~~~~
../../../Applications/Module/Include\mod_controller.hpp(175): warning: implicit conversion from 'float' to 'int32_t' (aka 'int') changes value from 4437.3301 to 4437 [-Wliteral-conversion]
  175 |                 const int32_t rangeLimit = CONTROLLER_YAW_MOTOR_RANGE; ///< 电机位置范围限制
      |                                            ^~~~~~~~~~~~~~~~~~~~~~~~~~
../../../Applications/Module/Include\mod_controller.hpp(20): note: expanded from macro 'CONTROLLER_YAW_MOTOR_RANGE'
   20 | #define CONTROLLER_YAW_MOTOR_RANGE 4437.33f
      |                                    ^~~~~~~~
../../../Applications/Module/Include\mod_controller.hpp(158): note: in implicit default constructor for 'my_engineer::CModController::CComYaw' first required here
  158 |         explicit CModController(SModInitParam_Controller &param) { InitModule(param); }
      |                  ^
2 warnings generated.
compiling com_roll.cpp...
../../../Applications/Module/Custom_Controller/com_yaw.cpp(13): warning: In file included from...
../../../Applications/Module/Include\mod_controller.hpp(175): warning: implicit conversion from 'float' to 'int32_t' (aka 'int') changes value from 4437.3301 to 4437 [-Wliteral-conversion]
  175 |                 const int32_t rangeLimit = CONTROLLER_YAW_MOTOR_RANGE; ///< 电机位置范围限制
      |                                            ^~~~~~~~~~~~~~~~~~~~~~~~~~
../../../Applications/Module/Include\mod_controller.hpp(20): note: expanded from macro 'CONTROLLER_YAW_MOTOR_RANGE'
   20 | #define CONTROLLER_YAW_MOTOR_RANGE 4437.33f
      |                                    ^~~~~~~~
../../../Applications/Module/Include\mod_controller.hpp(175): warning: implicit conversion from 'float' to 'int32_t' (aka 'int') changes value from 4437.3301 to 4437 [-Wliteral-conversion]
  175 |                 const int32_t rangeLimit = CONTROLLER_YAW_MOTOR_RANGE; ///< 电机位置范围限制
      |                                            ^~~~~~~~~~~~~~~~~~~~~~~~~~
../../../Applications/Module/Include\mod_controller.hpp(20): note: expanded from macro 'CONTROLLER_YAW_MOTOR_RANGE'
   20 | #define CONTROLLER_YAW_MOTOR_RANGE 4437.33f
      |                                    ^~~~~~~~
../../../Applications/Module/Include\mod_controller.hpp(158): note: in implicit default constructor for 'my_engineer::CModController::CComYaw' first required here
  158 |         explicit CModController(SModInitParam_Controller &param) { InitModule(param); }
      |                  ^
2 warnings generated.
compiling com_yaw.cpp...
../../../Applications/Module/Custom_Controller/mod_controller.cpp(13): warning: In file included from...
../../../Applications/Module/Include\mod_controller.hpp(175): warning: implicit conversion from 'float' to 'int32_t' (aka 'int') changes value from 4437.3301 to 4437 [-Wliteral-conversion]
  175 |                 const int32_t rangeLimit = CONTROLLER_YAW_MOTOR_RANGE; ///< 电机位置范围限制
      |                                            ^~~~~~~~~~~~~~~~~~~~~~~~~~
../../../Applications/Module/Include\mod_controller.hpp(20): note: expanded from macro 'CONTROLLER_YAW_MOTOR_RANGE'
   20 | #define CONTROLLER_YAW_MOTOR_RANGE 4437.33f
      |                                    ^~~~~~~~
../../../Applications/Module/Include\mod_controller.hpp(175): warning: implicit conversion from 'float' to 'int32_t' (aka 'int') changes value from 4437.3301 to 4437 [-Wliteral-conversion]
  175 |                 const int32_t rangeLimit = CONTROLLER_YAW_MOTOR_RANGE; ///< 电机位置范围限制
      |                                            ^~~~~~~~~~~~~~~~~~~~~~~~~~
../../../Applications/Module/Include\mod_controller.hpp(20): note: expanded from macro 'CONTROLLER_YAW_MOTOR_RANGE'
   20 | #define CONTROLLER_YAW_MOTOR_RANGE 4437.33f
      |                                    ^~~~~~~~
../../../Applications/Module/Include\mod_controller.hpp(158): note: in implicit default constructor for 'my_engineer::CModController::CComYaw' first required here
  158 |         explicit CModController(SModInitParam_Controller &param) { InitModule(param); }
      |                  ^
2 warnings generated.
compiling mod_controller.cpp...
../../../Applications/Module/Custom_Controller/proc_controller.cpp(13): warning: In file included from...
../../../Applications/Module/Include\mod_controller.hpp(175): warning: implicit conversion from 'float' to 'int32_t' (aka 'int') changes value from 4437.3301 to 4437 [-Wliteral-conversion]
  175 |                 const int32_t rangeLimit = CONTROLLER_YAW_MOTOR_RANGE; ///< 电机位置范围限制
      |                                            ^~~~~~~~~~~~~~~~~~~~~~~~~~
../../../Applications/Module/Include\mod_controller.hpp(20): note: expanded from macro 'CONTROLLER_YAW_MOTOR_RANGE'
   20 | #define CONTROLLER_YAW_MOTOR_RANGE 4437.33f
      |                                    ^~~~~~~~
../../../Applications/Module/Include\mod_controller.hpp(175): warning: implicit conversion from 'float' to 'int32_t' (aka 'int') changes value from 4437.3301 to 4437 [-Wliteral-conversion]
  175 |                 const int32_t rangeLimit = CONTROLLER_YAW_MOTOR_RANGE; ///< 电机位置范围限制
      |                                            ^~~~~~~~~~~~~~~~~~~~~~~~~~
../../../Applications/Module/Include\mod_controller.hpp(20): note: expanded from macro 'CONTROLLER_YAW_MOTOR_RANGE'
   20 | #define CONTROLLER_YAW_MOTOR_RANGE 4437.33f
      |                                    ^~~~~~~~
../../../Applications/Module/Include\mod_controller.hpp(158): note: in implicit default constructor for 'my_engineer::CModController::CComYaw' first required here
  158 |         explicit CModController(SModInitParam_Controller &param) { InitModule(param); }
      |                  ^
2 warnings generated.
compiling proc_controller.cpp...
../../../Applications/Module/Custom_Controller/com_pitch1.cpp(13): warning: In file included from...
../../../Applications/Module/Include\mod_controller.hpp(175): warning: implicit conversion from 'float' to 'int32_t' (aka 'int') changes value from 4437.3301 to 4437 [-Wliteral-conversion]
  175 |                 const int32_t rangeLimit = CONTROLLER_YAW_MOTOR_RANGE; ///< 电机位置范围限制
      |                                            ^~~~~~~~~~~~~~~~~~~~~~~~~~
../../../Applications/Module/Include\mod_controller.hpp(20): note: expanded from macro 'CONTROLLER_YAW_MOTOR_RANGE'
   20 | #define CONTROLLER_YAW_MOTOR_RANGE 4437.33f
      |                                    ^~~~~~~~
../../../Applications/Module/Include\mod_controller.hpp(175): warning: implicit conversion from 'float' to 'int32_t' (aka 'int') changes value from 4437.3301 to 4437 [-Wliteral-conversion]
  175 |                 const int32_t rangeLimit = CONTROLLER_YAW_MOTOR_RANGE; ///< 电机位置范围限制
      |                                            ^~~~~~~~~~~~~~~~~~~~~~~~~~
../../../Applications/Module/Include\mod_controller.hpp(20): note: expanded from macro 'CONTROLLER_YAW_MOTOR_RANGE'
   20 | #define CONTROLLER_YAW_MOTOR_RANGE 4437.33f
      |                                    ^~~~~~~~
../../../Applications/Module/Include\mod_controller.hpp(158): note: in implicit default constructor for 'my_engineer::CModController::CComYaw' first required here
  158 |         explicit CModController(SModInitParam_Controller &param) { InitModule(param); }
      |                  ^
2 warnings generated.
compiling com_pitch1.cpp...
../../../Applications/Module/Custom_Controller/com_pitch2.cpp(1): warning: In file included from...
../../../Applications/Module/Include\mod_controller.hpp(175): warning: implicit conversion from 'float' to 'int32_t' (aka 'int') changes value from 4437.3301 to 4437 [-Wliteral-conversion]
  175 |                 const int32_t rangeLimit = CONTROLLER_YAW_MOTOR_RANGE; ///< 电机位置范围限制
      |                                            ^~~~~~~~~~~~~~~~~~~~~~~~~~
../../../Applications/Module/Include\mod_controller.hpp(20): note: expanded from macro 'CONTROLLER_YAW_MOTOR_RANGE'
   20 | #define CONTROLLER_YAW_MOTOR_RANGE 4437.33f
      |                                    ^~~~~~~~
../../../Applications/Module/Include\mod_controller.hpp(175): warning: implicit conversion from 'float' to 'int32_t' (aka 'int') changes value from 4437.3301 to 4437 [-Wliteral-conversion]
  175 |                 const int32_t rangeLimit = CONTROLLER_YAW_MOTOR_RANGE; ///< 电机位置范围限制
      |                                            ^~~~~~~~~~~~~~~~~~~~~~~~~~
../../../Applications/Module/Include\mod_controller.hpp(20): note: expanded from macro 'CONTROLLER_YAW_MOTOR_RANGE'
   20 | #define CONTROLLER_YAW_MOTOR_RANGE 4437.33f
      |                                    ^~~~~~~~
../../../Applications/Module/Include\mod_controller.hpp(158): note: in implicit default constructor for 'my_engineer::CModController::CComYaw' first required here
  158 |         explicit CModController(SModInitParam_Controller &param) { InitModule(param); }
      |                  ^
2 warnings generated.
compiling com_pitch2.cpp...
../../../Applications/Module/Custom_Controller/com_roll_end.cpp(13): warning: In file included from...
../../../Applications/Module/Include\mod_controller.hpp(175): warning: implicit conversion from 'float' to 'int32_t' (aka 'int') changes value from 4437.3301 to 4437 [-Wliteral-conversion]
  175 |                 const int32_t rangeLimit = CONTROLLER_YAW_MOTOR_RANGE; ///< 电机位置范围限制
      |                                            ^~~~~~~~~~~~~~~~~~~~~~~~~~
../../../Applications/Module/Include\mod_controller.hpp(20): note: expanded from macro 'CONTROLLER_YAW_MOTOR_RANGE'
   20 | #define CONTROLLER_YAW_MOTOR_RANGE 4437.33f
      |                                    ^~~~~~~~
../../../Applications/Module/Include\mod_controller.hpp(175): warning: implicit conversion from 'float' to 'int32_t' (aka 'int') changes value from 4437.3301 to 4437 [-Wliteral-conversion]
  175 |                 const int32_t rangeLimit = CONTROLLER_YAW_MOTOR_RANGE; ///< 电机位置范围限制
      |                                            ^~~~~~~~~~~~~~~~~~~~~~~~~~
../../../Applications/Module/Include\mod_controller.hpp(20): note: expanded from macro 'CONTROLLER_YAW_MOTOR_RANGE'
   20 | #define CONTROLLER_YAW_MOTOR_RANGE 4437.33f
      |                                    ^~~~~~~~
../../../Applications/Module/Include\mod_controller.hpp(158): note: in implicit default constructor for 'my_engineer::CModController::CComYaw' first required here
  158 |         explicit CModController(SModInitParam_Controller &param) { InitModule(param); }
      |                  ^
2 warnings generated.
compiling com_roll_end.cpp...
../../../Applications/Module/Custom_Controller/com_pitch_end.cpp(13): warning: In file included from...
../../../Applications/Module/Include\mod_controller.hpp(175): warning: implicit conversion from 'float' to 'int32_t' (aka 'int') changes value from 4437.3301 to 4437 [-Wliteral-conversion]
  175 |                 const int32_t rangeLimit = CONTROLLER_YAW_MOTOR_RANGE; ///< 电机位置范围限制
      |                                            ^~~~~~~~~~~~~~~~~~~~~~~~~~
../../../Applications/Module/Include\mod_controller.hpp(20): note: expanded from macro 'CONTROLLER_YAW_MOTOR_RANGE'
   20 | #define CONTROLLER_YAW_MOTOR_RANGE 4437.33f
      |                                    ^~~~~~~~
../../../Applications/Module/Include\mod_controller.hpp(175): warning: implicit conversion from 'float' to 'int32_t' (aka 'int') changes value from 4437.3301 to 4437 [-Wliteral-conversion]
  175 |                 const int32_t rangeLimit = CONTROLLER_YAW_MOTOR_RANGE; ///< 电机位置范围限制
      |                                            ^~~~~~~~~~~~~~~~~~~~~~~~~~
../../../Applications/Module/Include\mod_controller.hpp(20): note: expanded from macro 'CONTROLLER_YAW_MOTOR_RANGE'
   20 | #define CONTROLLER_YAW_MOTOR_RANGE 4437.33f
      |                                    ^~~~~~~~
../../../Applications/Module/Include\mod_controller.hpp(158): note: in implicit default constructor for 'my_engineer::CModController::CComYaw' first required here
  158 |         explicit CModController(SModInitParam_Controller &param) { InitModule(param); }
      |                  ^
2 warnings generated.
compiling com_pitch_end.cpp...
linking...
Program Size: Code=243772 RO-data=6628 RW-data=608 ZI-data=394632  
FromELF: creating hex file...
"DM-MC02\DM-MC02.axf" - 0 Error(s), 30 Warning(s).

<h2>Software Packages used:</h2>

Package Vendor: ARM
                https://www.keil.com/pack/ARM.CMSIS.6.1.0.pack
                ARM::CMSIS@6.1.0
                CMSIS (Common Microcontroller Software Interface Standard)
   * Component: CORE Version: 6.1.0

Package Vendor: Keil
                https://www.keil.com/pack/Keil.STM32H7xx_DFP.3.1.1.pack
                Keil::STM32H7xx_DFP@3.1.1
                STMicroelectronics STM32H7 Series Device Support and Examples

<h2>Collection of Component include folders:</h2>
  ./RTE/_DM-MC02
  D:/keil5/ARM/PACK/ARM/CMSIS/6.1.0/CMSIS/Core/Include
  D:/keil5/ARM/PACK/Keil/STM32H7xx_DFP/3.1.1/Drivers/CMSIS/Device/ST/STM32H7xx/Include

<h2>Collection of Component Files used:</h2>

   * Component: ARM::CMSIS:CORE@6.1.0
      Include file:  CMSIS/Core/Include/tz_context.h
Build Time Elapsed:  00:00:07
</pre>
</body>
</html>
