<html>
<body>
<pre>
<h1>µVision Build Log</h1>
<h2>Tool Versions:</h2>
IDE-Version: ¦ÌVision V5.41.0.0
Copyright (C) 2024 ARM Ltd and ARM Germany GmbH. All rights reserved.
License Information: hengkai liang, ShenZhen University, LIC=MPPLD-8HLJ7-PCPJ8-3IK9Q-DAAN7-89DRY
 
Tool Versions:
Toolchain:       MDK-ARM Plus  Version: 5.41.0.0
Toolchain Path:  D:\keil5\ARM\ARMCLANG\Bin
C Compiler:      ArmClang.exe V6.22
Assembler:       Armasm.exe V6.22
Linker/Locator:  ArmLink.exe V6.22
Library Manager: ArmAr.exe V6.22
Hex Converter:   FromElf.exe V6.22
CPU DLL:         SARMCM3.DLL V5.41.0.0
Dialog DLL:      DCM.DLL V1.17.5.0
Target DLL:      CMSIS_AGDI.dll V1.33.21.0
Dialog DLL:      TCM.DLL V1.56.4.0
 
<h2>Project:</h2>
E:\GitHub_Codehouse\2025_ZY\RM25_ENGINEER_V2.2\Custom_Controller\Targets\DM-MC02 - keil\MDK-ARM\DM-MC02.uvprojx
Project File Date:  07/13/2025

<h2>Output:</h2>
*** Using Compiler 'V6.22', folder: 'D:\keil5\ARM\ARMCLANG\Bin'
Build target 'DM-MC02'
compiling conf_CanTxNode.cpp...
compiling conf_module.cpp...
compiling conf_interface.cpp...
compiling Core.cpp...
compiling conf_device.cpp...
compiling sys_task.cpp...
compiling System.cpp...
compiling com_buzzer.cpp...
compiling proc_controller.cpp...
compiling com_rocker.cpp...
compiling Module.cpp...
compiling mod_controller.cpp...
compiling com_roll.cpp...
compiling com_yaw.cpp...
compiling com_pitch1.cpp...
compiling com_pitch2.cpp...
compiling com_roll_end.cpp...
compiling com_pitch_end.cpp...
compiling mtr_dm.cpp...
linking...
Program Size: Code=240844 RO-data=6484 RW-data=372 ZI-data=394596  
FromELF: creating hex file...
"DM-MC02\DM-MC02.axf" - 0 Error(s), 0 Warning(s).

<h2>Software Packages used:</h2>

Package Vendor: ARM
                https://www.keil.com/pack/ARM.CMSIS.6.1.0.pack
                ARM::CMSIS@6.1.0
                CMSIS (Common Microcontroller Software Interface Standard)
   * Component: CORE Version: 6.1.0

Package Vendor: Keil
                https://www.keil.com/pack/Keil.STM32H7xx_DFP.3.1.1.pack
                Keil::STM32H7xx_DFP@3.1.1
                STMicroelectronics STM32H7 Series Device Support and Examples

<h2>Collection of Component include folders:</h2>
  ./RTE/_DM-MC02
  D:/keil5/ARM/PACK/ARM/CMSIS/6.1.0/CMSIS/Core/Include
  D:/keil5/ARM/PACK/Keil/STM32H7xx_DFP/3.1.1/Drivers/CMSIS/Device/ST/STM32H7xx/Include

<h2>Collection of Component Files used:</h2>

   * Component: ARM::CMSIS:CORE@6.1.0
      Include file:  CMSIS/Core/Include/tz_context.h
Build Time Elapsed:  00:00:15
</pre>
</body>
</html>
